---
source: src/tests.rs
expression: "render_log(&f, false)"
---
○  [1m[35mch4[0m [34mc4[0m [1m[35mfeat[0m [1m[36m]8;;https://github.com/test/repo/pull/1PR #1]8;;[0m [33mDraft[0m
│  has desc
○  [1m[35mch3[0m [34mc3[0m [1m[36m]8;;https://github.com/test/repo/pull/1PR #1]8;;[0m [33mDraft[0m
│  [32m(empty)[0m empty with desc
○  [1m[35mch2[0m [34mc2[0m [1m[36m]8;;https://github.com/test/repo/pull/1PR #1]8;;[0m [33mDraft[0m
│  [32m(no description set)[0m
○  [1m[35mch1[0m [34mc1[0m [1m[36m]8;;https://github.com/test/repo/pull/1PR #1]8;;[0m [33mDraft[0m
│  [32m(empty)[0m [32m(no description set)[0m
[1m[36m◆[0m  [1m[35mchtrunk[0m [34mtrunk[0m [1m[35mmain[0m [1m[32mtrunk()[0m
   trunk
[2m~[0m  [2m(elided revisions)[0m
