---
source: src/tests.rs
expression: "render_log(&f, true)"
input_file: src/fixtures/jj-pr-conflict-1778014006.json.gz
---
[1m[32m@[0m  [1m[35mznzxwzsqroqv[0m [34m2d30ff30cba6[0m [2m(no PR)[0m
│  [32m(no description set)[0m
○  [1m[35mvlwpkrxrultz[0m [34m90d0cdd96965[0m [1m[35mred-x[0m [1m[36m]8;;https://github.com/hydro-project/jj-pr/pull/45PR #45]8;;[0m* [32mReady[0m
│  feat: use red ✗ for conflicted branches in show/log views
│ [31m✗[0m  [1m[35mmoxxqxxwsusm[0m [34me0f23719aaa3[0m [1m[35mhandle-forks[0m [1m[36m]8;;https://github.com/hydro-project/jj-pr/pull/36PR #36]8;;[0m* [33mDraft[0m
│ │  Remove bookmark_track from create, update README for fork workflows
│ [31m✗[0m  [1m[35mwxsootupxqxo[0m [34m1ea4a9c5618b[0m [1m[36m]8;;https://github.com/hydro-project/jj-pr/pull/36PR #36]8;;[0m* [33mDraft[0m
│ │  Add headRepositoryOwner to GraphQL query and GhPr struct
│ ○  [1m[35muspmwzsllmyu[0m [34mf8230a935774[0m [1m[35msandbox-933fbaa7-a932-4bec-a6af-d18d75909ff5[0m [1m[36m]8;;https://github.com/hydro-project/jj-pr/pull/36PR #36]8;;[0m* [33mDraft[0m
├─╯  Replace hardcoded "origin" with configurable push remote
│ ○  [1m[35mwuxkqwzxpvwz[0m [34mebb57232ec0d[0m [1m[35msandbox-c66e1b09-e55e-4882-8b38-7a386e175ca0[0m [2m(no PR)[0m
├─╯  [32m(empty)[0m [32m(no description set)[0m
[1m[36m◆[0m  [1m[35mpyywpzpoqztp[0m [34m9aec6ee06924[0m [1m[35mmain[0m [1m[32mtrunk()[0m
│  fix: PR approval display by falling back to latestReviews when reviewDecision is null (#44)
│ ○  [1m[35msmszxwpopztp[0m [34mbe240acba35a[0m [2m(no PR)[0m
├─╯  [32m(empty)[0m [32m(no description set)[0m
│ ○  [1m[35molmrnuzrsmmo[0m [34mff0f2995640b[0m [2m(no PR)[0m
├─╯  [32m(empty)[0m [32m(no description set)[0m
│ ○  [1m[35mylwvxsrmsntt[0m [34m2733b278bbd3[0m [2m(no PR)[0m
│ │  Filter listed PRs to only those matching local bookmarks
│ ○  [1m[35motsrynykyqqp[0m [34mb66fa401f37e[0m [2m(no PR)[0m
├─╯  fix: add lightweight gh pr list to discover PRs without trailers
│ ○  [1m[35mwwzyozwrxwnp[0m [34ma1c0c4686aab[0m [2m(no PR)[0m
├─╯  [32m(empty)[0m [32m(no description set)[0m
│ ○  [1m[35mrpowpwkqsxpo[0m [34m4492dca28a41[0m [1m[35msandbox-7ae4a786-8bad-439b-8723-dc8335eb745f[0m [2m(no PR)[0m
├─╯  [32m(empty)[0m [32m(no description set)[0m
│ ○  [1m[35mzzrxllutmqvk[0m [34m1fa33f306b61[0m [2m(no PR)[0m
├─╯  [32m(empty)[0m [32m(no description set)[0m
│ ○  [1m[35mkwuyznoxoyuo[0m [34m5aa7a76c55ab[0m [2m(no PR)[0m
├─╯  create panic
[2m~[0m  [2m(elided revisions)[0m
