---
source: src/tests.rs
expression: "render_show(&f, true)"
input_file: src/fixtures/hydro-4.json.gz
---
○  [1m[36m]8;;https://github.com/hydro-project/hydro/pull/2804PR #2804]8;;[0m  [32mReady[0m  [1m[35mmingwei/fix-inline-tasks[0m
│  fix(dfir_rs): defer `_counter` task spawning via `Context::request_task` buffer
│ ○  [1m[36m]8;;https://github.com/hydro-project/hydro/pull/2746PR #2746]8;;[0m  [32mReady[0m  [1m[35mmingwei/sqs-rebase[0m
├─╯  feat(hydro_test): add example of AWS + SQS support
│ [1m[36m◆[0m  [1m[32mtrunk()[0m
├─╯
│ ○    [1m[36m]8;;https://github.com/hydro-project/hydro/pull/2812PR #2812]8;;[0m*  [33mDraft[0m  [1m[35mmingwei/delete-subgraph-id[0m
│ ├─╮  refactor(dfir_rs): remove SubgraphId, SubgraphTag, LoopId, LoopTag, simplify StateLifespan
│ │ ○  [1m[36m]8;;https://github.com/hydro-project/hydro/pull/2810PR #2810]8;;[0m*  [33mDraft[0m  [1m[35mmingwei/delete-metrics-slotvec[0m
│ │ │  refactor(dfir_rs): use slotmap SecondaryMap for metrics
│ ○ │  [1m[36m]8;;https://github.com/hydro-project/hydro/pull/2811PR #2811]8;;[0m*  [33mDraft[0m  [1m[35mmingwei/delete-schedule-subgraph-args[0m
│ ├─╯  refactor(dfir_rs,dfir_lang): remove SubgraphId argument from schedule_subgraph, remove current_subgraph
│ ○  [1m[36m]8;;https://github.com/hydro-project/hydro/pull/2801PR #2801]8;;[0m*  [33mDraft[0m  [1m[35mmingwei/delete-state-api-usage[0m
╭─┤  refactor(dfir_lang): operators capture local state instead of using the state API [ci-bench]
│ ○  [1m[36m]8;;https://github.com/hydro-project/hydro/pull/2798PR #2798]8;;[0m*  [32mReady[0m  [1m[35mmingwei/delete-intermediate-subgraph[0m
├─╯  refactor(dfir_lang): double-buffer defer_tick handoffs, remove intermediate subgraphs [ci-bench]
[2m~[0m  [2m(elided revisions)[0m
