---
source: src/tests.rs
expression: "render_log(&f, true)"
input_file: src/fixtures/jj-pr-stale-trunk-1778002925.json.gz
---
[1m[32m@[0m  [1m[35mvkxwlzyyyxqr[0m [34mee79e0edee3d[0m [2m(no PR)[0m
│  [32m(no description set)[0m
│ ○  [1m[35mlkmrsrxqvloo[0m [34mb52b9f9b92d4[0m [1m[35msandbox-c66e1b09-e55e-4882-8b38-7a386e175ca0[0m [2m(no PR)[0m
├─╯  [32m(empty)[0m [32m(no description set)[0m
○  [1m[35mxwnxlsksvuqk[0m [34m069b90a83ccb[0m [1m[35mstale-trunk[0m [1m[36m]8;;https://github.com/hydro-project/jj-pr/pull/41PR #41]8;;[0m [32mReady[0m
│  Move existing_merge_commits into InputData for testability
○  [1m[35mtypstupqsxru[0m [34m79acf561a9d3[0m [1m[36m]8;;https://github.com/hydro-project/jj-pr/pull/41PR #41]8;;[0m [32mReady[0m
│  Simplify: single present() wrapping all commit_ids
○  [1m[35mvupsksvotzmt[0m [34m5c6168d56177[0m [1m[36m]8;;https://github.com/hydro-project/jj-pr/pull/41PR #41]8;;[0m [32mReady[0m
│  Use present() revset to check commit existence in single jj call
○  [1m[35mzpmkznyrlvxr[0m [34me075476cb399[0m [1m[36m]8;;https://github.com/hydro-project/jj-pr/pull/41PR #41]8;;[0m [32mReady[0m
│  Move CommitId to types.rs and use it for merge_commit_oid
○  [1m[35mvyszzsryvvxk[0m [34m53750c4505e0[0m [1m[36m]8;;https://github.com/hydro-project/jj-pr/pull/41PR #41]8;;[0m [32mReady[0m
│  Detect stale trunk: skip abandon for merged PRs not yet fetched
│ ○  [1m[35mklzmozyoqswt[0m [34m3a89fc925a4e[0m [1m[35mcreate-c[0m [1m[36m]8;;https://github.com/hydro-project/jj-pr/pull/40PR #40]8;;[0m [32mReady[0m
├─╯  feat(cli): add `c` as alias for `create` subcommand
│ ○  [1m[35mmoxxqxxwsusm[0m [34m826417c7b3c4[0m [1m[35mhandle-forks[0m [1m[36m]8;;https://github.com/hydro-project/jj-pr/pull/36PR #36]8;;[0m* [33mDraft[0m
│ │  Remove bookmark_track from create, update README for fork workflows
│ ○  [1m[35mwxsootupxqxo[0m [34m8586707c8818[0m [1m[36m]8;;https://github.com/hydro-project/jj-pr/pull/36PR #36]8;;[0m* [33mDraft[0m
│ │  Add headRepositoryOwner to GraphQL query and GhPr struct
│ ○  [1m[35muspmwzsllmyu[0m [34m45887a283575[0m [1m[35msandbox-933fbaa7-a932-4bec-a6af-d18d75909ff5[0m [1m[36m]8;;https://github.com/hydro-project/jj-pr/pull/36PR #36]8;;[0m* [33mDraft[0m
╭─┤  Replace hardcoded "origin" with configurable push remote
[1m[36m◆[0m │  [1m[35muzrlpnxruwsw[0m [34m1bb33e75c101[0m [1m[35mmain[0m [1m[32mtrunk()[0m
│ │  fix: rebase merged PR onto trunk before abandon to preserve sibling edges (#38)
│ ○  [1m[35mryokvxykuuyk[0m [34mb4a5de533b0c[0m [1m[35mdiscover-prs[0m [1m[36m]8;;https://github.com/hydro-project/jj-pr/pull/35PR #35]8;;[0m [2mMerged[0m
│ │  Fix GraphQL injection and propagate deserialization errors
│ ○  [1m[35mlqllnsnnzwnu[0m [34m3037bb2ac2d6[0m [1m[36m]8;;https://github.com/hydro-project/jj-pr/pull/35PR #35]8;;[0m [2mMerged[0m
│ │  Address PR #35 review comments
│ ○  [1m[35mwtttsotmxvwm[0m [34m66648b1083f6[0m [1m[36m]8;;https://github.com/hydro-project/jj-pr/pull/35PR #35]8;;[0m [2mMerged[0m
│ │  update README.md
│ ○  [1m[35mtusnqsqnnytk[0m [34m0afa4405c0b5[0m [1m[36m]8;;https://github.com/hydro-project/jj-pr/pull/35PR #35]8;;[0m [2mMerged[0m
│ │  Skip branch lookups for bookmarks whose tip already has a PR trailer
│ ○  [1m[35mymuutkqzksln[0m [34meb19e6cd3659[0m [1m[36m]8;;https://github.com/hydro-project/jj-pr/pull/35PR #35]8;;[0m [2mMerged[0m
│ │  Replace HashSet+Vec with BTreeMap for PR deduplication
│ ○  [1m[35mkoqkzlkykxuu[0m [34m92e1939850b9[0m [1m[36m]8;;https://github.com/hydro-project/jj-pr/pull/35PR #35]8;;[0m [2mMerged[0m
├─╯  fix: discover PRs by branch name in the same GraphQL call
│ ○  [1m[35msmszxwpopztp[0m [34mbe240acba35a[0m [2m(no PR)[0m
├─╯  [32m(empty)[0m [32m(no description set)[0m
│ ○  [1m[35molmrnuzrsmmo[0m [34mff0f2995640b[0m [2m(no PR)[0m
├─╯  [32m(empty)[0m [32m(no description set)[0m
│ ○  [1m[35mylwvxsrmsntt[0m [34m2733b278bbd3[0m [2m(no PR)[0m
│ │  Filter listed PRs to only those matching local bookmarks
│ ○  [1m[35motsrynykyqqp[0m [34mb66fa401f37e[0m [2m(no PR)[0m
├─╯  fix: add lightweight gh pr list to discover PRs without trailers
│ ○  [1m[35mwwzyozwrxwnp[0m [34ma1c0c4686aab[0m [2m(no PR)[0m
├─╯  [32m(empty)[0m [32m(no description set)[0m
│ ○  [1m[35mrpowpwkqsxpo[0m [34m4492dca28a41[0m [1m[35msandbox-7ae4a786-8bad-439b-8723-dc8335eb745f[0m [2m(no PR)[0m
├─╯  [32m(empty)[0m [32m(no description set)[0m
│ ○  [1m[35mzzrxllutmqvk[0m [34m1fa33f306b61[0m [2m(no PR)[0m
├─╯  [32m(empty)[0m [32m(no description set)[0m
│ ○  [1m[35mkwuyznoxoyuo[0m [34m5aa7a76c55ab[0m [2m(no PR)[0m
├─╯  create panic
[2m~[0m  [2m(elided revisions)[0m
